274 INFO: PyInstaller: 6.22.3, contrib hooks: 2026.7
274 INFO: Python: 3.13.14
330 INFO: Platform: Windows-11-10.0.26200-SP0
330 INFO: Python environment: C:\Users\shuig\.workbuddy\binaries\python\envs\default
332 INFO: wrote C:\Users\shuig\WorkBuddy\kaobian-radar\kaobian-radar.spec
360 INFO: Module search paths (PYTHONPATH):
['C:\\Users\\shuig\\.workbuddy\\binaries\\python\\envs\\default\\Scripts\\pyinstaller.exe',
 'D:\\软件\\workbuddy\\resources\\app.asar.unpacked\\cli\\vendor\\shim',
 'C:\\Users\\shuig\\.workbuddy\\binaries\\python\\versions\\3.13.12\\python313.zip',
 'C:\\Users\\shuig\\.workbuddy\\binaries\\python\\versions\\3.13.12\\DLLs',
 'C:\\Users\\shuig\\.workbuddy\\binaries\\python\\versions\\3.13.12\\Lib',
 'C:\\Users\\shuig\\.workbuddy\\binaries\\python\\versions\\3.13.12',
 'C:\\Users\\shuig\\.workbuddy\\binaries\\python\\envs\\default',
 'C:\\Users\\shuig\\.workbuddy\\binaries\\python\\envs\\default\\Lib\\site-packages',
 'C:\\Users\\shuig\\WorkBuddy\\kaobian-radar\\app']
1314 INFO: Appending 'datas' from .spec
1314 INFO: checking Analysis
1319 INFO: Building because C:\Users\shuig\WorkBuddy\kaobian-radar\app\main.py changed
1319 INFO: Looking for Python shared library...
1319 INFO: Using Python shared library: C:\Users\shuig\.workbuddy\binaries\python\versions\3.13.12\python313.dll
1319 INFO: Running Analysis Analysis-00.toc
1319 INFO: Target bytecode optimization level: 0
1319 INFO: Initializing module dependency graph...
1320 INFO: Initializing module graph hook caches...
1331 INFO: Analyzing modules for base_library.zip ...
4092 INFO: Processing standard module hook 'hook-encodings.py' from 'C:\\Users\\shuig\\.workbuddy\\binaries\\python\\envs\\default\\Lib\\site-packages\\PyInstaller\\hooks'
5193 INFO: Processing standard module hook 'hook-math.py' from 'C:\\Users\\shuig\\.workbuddy\\binaries\\python\\envs\\default\\Lib\\site-packages\\PyInstaller\\hooks'
6182 INFO: Processing standard module hook 'hook-pickle.py' from 'C:\\Users\\shuig\\.workbuddy\\binaries\\python\\envs\\default\\Lib\\site-packages\\PyInstaller\\hooks'
6891 INFO: Processing standard module hook 'hook-heapq.py' from 'C:\\Users\\shuig\\.workbuddy\\binaries\\python\\envs\\default\\Lib\\site-packages\\PyInstaller\\hooks'
7283 INFO: Caching module dependency graph...
7322 INFO: Analyzing C:\Users\shuig\WorkBuddy\kaobian-radar\app\main.py
7348 INFO: Processing standard module hook 'hook-webbrowser.py' from 'C:\\Users\\shuig\\.workbuddy\\binaries\\python\\envs\\default\\Lib\\site-packages\\PyInstaller\\hooks'
7384 INFO: Processing standard module hook 'hook-sysconfig.py' from 'C:\\Users\\shuig\\.workbuddy\\binaries\\python\\envs\\default\\Lib\\site-packages\\PyInstaller\\hooks'
7390 INFO: Processing standard module hook 'hook-_ctypes.py' from 'C:\\Users\\shuig\\.workbuddy\\binaries\\python\\envs\\default\\Lib\\site-packages\\PyInstaller\\hooks'
7670 INFO: Processing pre-safe-import-module hook 'hook-typing_extensions.py' from 'C:\\Users\\shuig\\.workbuddy\\binaries\\python\\envs\\default\\Lib\\site-packages\\PyInstaller\\hooks\\pre_safe_import_module'
7671 INFO: SetuptoolsInfo: initializing cached setuptools info...
9190 INFO: Processing standard module hook 'hook-multiprocessing.util.py' from 'C:\\Users\\shuig\\.workbuddy\\binaries\\python\\envs\\default\\Lib\\site-packages\\PyInstaller\\hooks'
9255 INFO: Processing standard module hook 'hook-xml.py' from 'C:\\Users\\shuig\\.workbuddy\\binaries\\python\\envs\\default\\Lib\\site-packages\\PyInstaller\\hooks'
9949 INFO: Processing standard module hook 'hook-cryptography.py' from 'C:\\Users\\shuig\\.workbuddy\\binaries\\python\\envs\\default\\Lib\\site-packages\\_pyinstaller_hooks_contrib\\stdhooks'
13575 INFO: hook-cryptography: cryptography does not seem to be using dynamically linked OpenSSL.
13885 INFO: Processing standard module hook 'hook-platform.py' from 'C:\\Users\\shuig\\.workbuddy\\binaries\\python\\envs\\default\\Lib\\site-packages\\PyInstaller\\hooks'
14330 INFO: Processing standard module hook 'hook-difflib.py' from 'C:\\Users\\shuig\\.workbuddy\\binaries\\python\\envs\\default\\Lib\\site-packages\\PyInstaller\\hooks'
14557 INFO: Processing standard module hook 'hook-jinja2.py' from 'C:\\Users\\shuig\\.workbuddy\\binaries\\python\\envs\\default\\Lib\\site-packages\\_pyinstaller_hooks_contrib\\stdhooks'
15165 INFO: Processing pre-safe-import-module hook 'hook-importlib_metadata.py' from 'C:\\Users\\shuig\\.workbuddy\\binaries\\python\\envs\\default\\Lib\\site-packages\\PyInstaller\\hooks\\pre_safe_import_module'
15166 INFO: Setuptools: 'importlib_metadata' appears to be a setuptools-vendored copy - creating alias to 'setuptools._vendor.importlib_metadata'!
15172 INFO: Processing standard module hook 'hook-setuptools.py' from 'C:\\Users\\shuig\\.workbuddy\\binaries\\python\\envs\\default\\Lib\\site-packages\\PyInstaller\\hooks'
15183 INFO: Processing pre-safe-import-module hook 'hook-distutils.py' from 'C:\\Users\\shuig\\.workbuddy\\binaries\\python\\envs\\default\\Lib\\site-packages\\PyInstaller\\hooks\\pre_safe_import_module'
15207 INFO: Processing pre-safe-import-module hook 'hook-jaraco.py' from 'C:\\Users\\shuig\\.workbuddy\\binaries\\python\\envs\\default\\Lib\\site-packages\\PyInstaller\\hooks\\pre_safe_import_module'
15208 INFO: Setuptools: 'jaraco' appears to be a full setuptools-vendored copy - creating alias to 'setuptools._vendor.jaraco'!
15218 INFO: Processing pre-safe-import-module hook 'hook-more_itertools.py' from 'C:\\Users\\shuig\\.workbuddy\\binaries\\python\\envs\\default\\Lib\\site-packages\\PyInstaller\\hooks\\pre_safe_import_module'
15219 INFO: Setuptools: 'more_itertools' appears to be a setuptools-vendored copy - creating alias to 'setuptools._vendor.more_itertools'!
15334 INFO: Processing standard module hook 'hook-_osx_support.py' from 'C:\\Users\\shuig\\.workbuddy\\binaries\\python\\envs\\default\\Lib\\site-packages\\PyInstaller\\hooks'
15350 INFO: Processing pre-safe-import-module hook 'hook-packaging.py' from 'C:\\Users\\shuig\\.workbuddy\\binaries\\python\\envs\\default\\Lib\\site-packages\\PyInstaller\\hooks\\pre_safe_import_module'
15574 INFO: Processing standard module hook 'hook-setuptools._vendor.jaraco.text.py' from 'C:\\Users\\shuig\\.workbuddy\\binaries\\python\\envs\\default\\Lib\\site-packages\\PyInstaller\\hooks'
15576 INFO: Processing pre-safe-import-module hook 'hook-importlib_resources.py' from 'C:\\Users\\shuig\\.workbuddy\\binaries\\python\\envs\\default\\Lib\\site-packages\\PyInstaller\\hooks\\pre_safe_import_module'
15743 INFO: Processing pre-safe-import-module hook 'hook-backports.py' from 'C:\\Users\\shuig\\.workbuddy\\binaries\\python\\envs\\default\\Lib\\site-packages\\PyInstaller\\hooks\\pre_safe_import_module'
15744 INFO: Setuptools: 'backports' appears to be a full setuptools-vendored copy - creating alias to 'setuptools._vendor.backports'!
16243 INFO: Processing pre-safe-import-module hook 'hook-tomli.py' from 'C:\\Users\\shuig\\.workbuddy\\binaries\\python\\envs\\default\\Lib\\site-packages\\PyInstaller\\hooks\\pre_safe_import_module'
16243 INFO: Setuptools: 'tomli' appears to be a setuptools-vendored copy - creating alias to 'setuptools._vendor.tomli'!
16702 INFO: Processing pre-safe-import-module hook 'hook-wheel.py' from 'C:\\Users\\shuig\\.workbuddy\\binaries\\python\\envs\\default\\Lib\\site-packages\\PyInstaller\\hooks\\pre_safe_import_module'
16702 INFO: Setuptools: 'wheel' appears to be a setuptools-vendored copy - creating alias to 'setuptools._vendor.wheel'!
16749 INFO: Processing standard module hook 'hook-setuptools._vendor.importlib_metadata.py' from 'C:\\Users\\shuig\\.workbuddy\\binaries\\python\\envs\\default\\Lib\\site-packages\\PyInstaller\\hooks'
16771 INFO: Processing pre-safe-import-module hook 'hook-zipp.py' from 'C:\\Users\\shuig\\.workbuddy\\binaries\\python\\envs\\default\\Lib\\site-packages\\PyInstaller\\hooks\\pre_safe_import_module'
16771 INFO: Setuptools: 'zipp' appears to be a setuptools-vendored copy - creating alias to 'setuptools._vendor.zipp'!
16798 INFO: Processing standard module hook 'hook-urllib3.py' from 'C:\\Users\\shuig\\.workbuddy\\binaries\\python\\envs\\default\\Lib\\site-packages\\_pyinstaller_hooks_contrib\\stdhooks'
17209 INFO: Processing standard module hook 'hook-certifi.py' from 'C:\\Users\\shuig\\.workbuddy\\binaries\\python\\envs\\default\\Lib\\site-packages\\_pyinstaller_hooks_contrib\\stdhooks'
17263 INFO: Processing standard module hook 'hook-charset_normalizer.py' from 'C:\\Users\\shuig\\.workbuddy\\binaries\\python\\envs\\default\\Lib\\site-packages\\_pyinstaller_hooks_contrib\\stdhooks'
17427 INFO: Processing standard module hook 'hook-sqlite3.py' from 'C:\\Users\\shuig\\.workbuddy\\binaries\\python\\envs\\default\\Lib\\site-packages\\PyInstaller\\hooks'
18411 INFO: Processing module hooks (post-graph stage)...
18793 INFO: Performing binary vs. data reclassification (21 entries)
18800 INFO: Looking for ctypes DLLs
18845 INFO: Analyzing run-time hooks ...
18848 INFO: Including run-time hook 'pyi_rth_inspect.py' from 'C:\\Users\\shuig\\.workbuddy\\binaries\\python\\envs\\default\\Lib\\site-packages\\PyInstaller\\hooks\\rthooks'
18850 INFO: Including run-time hook 'pyi_rth_setuptools.py' from 'C:\\Users\\shuig\\.workbuddy\\binaries\\python\\envs\\default\\Lib\\site-packages\\PyInstaller\\hooks\\rthooks'
18851 INFO: Including run-time hook 'pyi_rth_pkgutil.py' from 'C:\\Users\\shuig\\.workbuddy\\binaries\\python\\envs\\default\\Lib\\site-packages\\PyInstaller\\hooks\\rthooks'
18854 INFO: Including run-time hook 'pyi_rth_multiprocessing.py' from 'C:\\Users\\shuig\\.workbuddy\\binaries\\python\\envs\\default\\Lib\\site-packages\\PyInstaller\\hooks\\rthooks'
18859 INFO: Including run-time hook 'pyi_rth_cryptography_openssl.py' from 'C:\\Users\\shuig\\.workbuddy\\binaries\\python\\envs\\default\\Lib\\site-packages\\_pyinstaller_hooks_contrib\\rthooks'
19706 INFO: Creating base_library.zip...
19746 INFO: Looking for dynamic libraries
21245 INFO: Extra DLL search directories (AddDllDirectory): []
21246 INFO: Extra DLL search directories (PATH): []
21962 INFO: Warnings written to C:\Users\shuig\WorkBuddy\kaobian-radar\build\kaobian-radar\warn-kaobian-radar.txt
22035 INFO: Graph cross-reference written to C:\Users\shuig\WorkBuddy\kaobian-radar\build\kaobian-radar\xref-kaobian-radar.html
22059 INFO: checking PYZ
22079 INFO: checking PKG
22080 INFO: Building because toc changed
22080 INFO: Building PKG (CArchive) kaobian-radar.pkg
26534 INFO: Building PKG (CArchive) kaobian-radar.pkg completed successfully.
26538 INFO: Bootloader C:\Users\shuig\.workbuddy\binaries\python\envs\default\Lib\site-packages\PyInstaller\bootloader\Windows-64bit-intel\run.exe
26538 INFO: checking EXE
26539 INFO: Rebuilding EXE-00.toc because kaobian-radar.exe missing
26539 INFO: Building EXE from EXE-00.toc
26539 INFO: Copying bootloader EXE to C:\Users\shuig\WorkBuddy\kaobian-radar\dist\kaobian-radar.exe
26626 INFO: Copying icon to EXE
26693 INFO: Copying 0 resources to EXE
26693 INFO: Embedding manifest in EXE
26740 INFO: Appending PKG archive to EXE
26753 INFO: Fixing EXE headers
26860 INFO: Building EXE from EXE-00.toc completed successfully.
26863 INFO: Build complete! The results are available in: C:\Users\shuig\WorkBuddy\kaobian-radar\dist
